.res RES_IMAGE
.ubin
.image "crosslogo.png"

.res RES_FONT_BLUE
.bin
.include "nobileblue.mof" 

.res RES_FONT_BLACK
.bin
.include "nobileblack.mof"
 
.res RES_FONT_WHITE
.bin
.include "nobilewhite.mof"  

.res RES_SELECTED_EDITBOX
.ubin 
.image "background_editbox_sel.png" 

.res RES_UNSELECTED_EDITBOX
.ubin 
.image "background_editbox_unsel.png"  

.res RES_UNSELECTED_BUTTON
.ubin
.image "background_button_unsel.png"

.res RES_TEXT_BOX
.ubin 
.image "background_text_sel.png"

.res RES_BACKGROUND
.ubin
.image "background.png"

.res RES_SELECTED_LIST
.ubin
.image "background_list_sel.png"  

.res RES_UNSELECTED_LIST
.ubin
.image "background_list_unsel.png"

.res RES_SELECTED_ALBUM
.ubin
.image "background_album_sel.png"

.res RES_UNSELECTED_ALBUM
.ubin
.image "background_album_unsel.png"  

.res RESP_DATA
.placeholder

.res RESP_IMAGE
.placeholder

.res RES_TEMPTHUMB
.ubin
.image "emptythumb.png"

.res RES_SOON
.ubin
.image "coming soon.png"

.res RES_TEMP
.ubin
.image "empty.png"

.res RES_LOGOUT
.ubin
.image "log out.png"

.res RES_LOADINGTHUMB
.ubin
.image "loadingthumb.png"

.res RES_LOADING
.ubin
.image "loading.png"

.res RES_KEYBOARD_SEL
.ubin
.image "keyboard_sel.png"

.res RES_KEYBOARD_UNSEL
.ubin
.image "keyboard_unsel.png"